------------------------------------------------------------
TimeQuest Timing Analyzer Summary
------------------------------------------------------------

Type  : Slow 1100mV 85C Model Setup 'clock50'
Slack : 6.940
TNS   : 0.000

Type  : Slow 1100mV 85C Model Hold 'clock50'
Slack : 0.288
TNS   : 0.000

Type  : Slow 1100mV 85C Model Minimum Pulse Width 'clock50'
Slack : 8.867
TNS   : 0.000

Type  : Slow 1100mV 0C Model Setup 'clock50'
Slack : 7.027
TNS   : 0.000

Type  : Slow 1100mV 0C Model Hold 'clock50'
Slack : 0.274
TNS   : 0.000

Type  : Slow 1100mV 0C Model Minimum Pulse Width 'clock50'
Slack : 8.830
TNS   : 0.000

Type  : Fast 1100mV 85C Model Setup 'clock50'
Slack : 12.297
TNS   : 0.000

Type  : Fast 1100mV 85C Model Hold 'clock50'
Slack : 0.176
TNS   : 0.000

Type  : Fast 1100mV 85C Model Minimum Pulse Width 'clock50'
Slack : 8.842
TNS   : 0.000

Type  : Fast 1100mV 0C Model Setup 'clock50'
Slack : 13.019
TNS   : 0.000

Type  : Fast 1100mV 0C Model Hold 'clock50'
Slack : 0.157
TNS   : 0.000

Type  : Fast 1100mV 0C Model Minimum Pulse Width 'clock50'
Slack : 8.831
TNS   : 0.000

------------------------------------------------------------
