------------------------------------------------------------
TimeQuest Timing Analyzer Summary
------------------------------------------------------------

Type  : Slow 1100mV 85C Model Setup 'clock50'
Slack : 5.293
TNS   : 0.000

Type  : Slow 1100mV 85C Model Hold 'clock50'
Slack : 0.220
TNS   : 0.000

Type  : Slow 1100mV 85C Model Recovery 'clock50'
Slack : 14.345
TNS   : 0.000

Type  : Slow 1100mV 85C Model Removal 'clock50'
Slack : 2.735
TNS   : 0.000

Type  : Slow 1100mV 85C Model Minimum Pulse Width 'clock50'
Slack : 8.864
TNS   : 0.000

Type  : Slow 1100mV 0C Model Setup 'clock50'
Slack : 5.382
TNS   : 0.000

Type  : Slow 1100mV 0C Model Hold 'clock50'
Slack : 0.206
TNS   : 0.000

Type  : Slow 1100mV 0C Model Recovery 'clock50'
Slack : 14.561
TNS   : 0.000

Type  : Slow 1100mV 0C Model Removal 'clock50'
Slack : 2.568
TNS   : 0.000

Type  : Slow 1100mV 0C Model Minimum Pulse Width 'clock50'
Slack : 8.830
TNS   : 0.000

Type  : Fast 1100mV 85C Model Setup 'clock50'
Slack : 11.205
TNS   : 0.000

Type  : Fast 1100mV 85C Model Hold 'clock50'
Slack : 0.134
TNS   : 0.000

Type  : Fast 1100mV 85C Model Recovery 'clock50'
Slack : 16.192
TNS   : 0.000

Type  : Fast 1100mV 85C Model Removal 'clock50'
Slack : 1.821
TNS   : 0.000

Type  : Fast 1100mV 85C Model Minimum Pulse Width 'clock50'
Slack : 8.842
TNS   : 0.000

Type  : Fast 1100mV 0C Model Setup 'clock50'
Slack : 11.980
TNS   : 0.000

Type  : Fast 1100mV 0C Model Hold 'clock50'
Slack : 0.123
TNS   : 0.000

Type  : Fast 1100mV 0C Model Recovery 'clock50'
Slack : 16.616
TNS   : 0.000

Type  : Fast 1100mV 0C Model Removal 'clock50'
Slack : 1.605
TNS   : 0.000

Type  : Fast 1100mV 0C Model Minimum Pulse Width 'clock50'
Slack : 8.831
TNS   : 0.000

------------------------------------------------------------
